// Jest Snapshot v1, https://goo.gl/fbAQLP

exports[`Sorters should render corretly 1`] = `[Function]`;
