// Jest Snapshot v1, https://goo.gl/fbAQLP

exports[`Toggle Switch Component should render without crashing 1`] = `[Function]`;
